// Jest Snapshot v1, https://goo.gl/fbAQLP

exports[`JoinSection should render when not logged in 1`] = `
<div
  className="Container white"
  data-testid="Join Section"
>
  <div
    className="content"
  >
    <div
      className="headingContainer"
    >
      <span
        className="anchorSpan anchorMargin"
        id="join-our-thriving-community"
      />
      <div
        className="hashLinkContainer"
      >
        <a
          data-testid="Hash Link"
          href="#join-our-thriving-community"
        >
          <span
            className="ScreenReaderOnly"
          >
            Scroll Link
          </span>
          <svg
            className="icon"
          />
        </a>
        <h3
          className="white headingTextWithLinkIconOffset Heading"
        >
          Join Our Thriving Community
        </h3>
      </div>
    </div>
    <p
      className="justifyAlign"
    >
      Are you ready to begin your journey towards a career in software development? Get the support you need by joining our members-only Slack community!
    </p>
    <a
      className="Button verticalSpacing secondary"
      href="/join"
      onClick={[Function]}
      onMouseEnter={[Function]}
    >
      Register Now
    </a>
    <p>
      Slack is a community based collaboration tool where all the magic happens!
    </p>
    <a
      href="https://get.slack.help/hc/en-us/categories/360000049043-Getting-Started"
      onClick={[Function]}
      rel="noopener noreferrer"
      target="_blank"
    >
      <span
        className="ScreenReaderOnly"
      >
        Opens in new window
      </span>
      Never heard of Slack before?
      <svg
        className="externalLinkIcon"
      />
    </a>
  </div>
</div>
`;
