// Jest Snapshot v1, https://goo.gl/fbAQLP

exports[`CivicXBadge should render with no props passed 1`] = `
<div>
  <OutboundLink
    analyticsEventLabel="[CivicX Accelerator Badge] http://cvcx.org/veterans-solutions-lab/"
    className=""
    hasIcon={false}
    href="http://cvcx.org/veterans-solutions-lab/"
  >
    <img
      alt="Operation Code is a graduate of the CivicX Accelerator."
      className="civic"
      src="/static/images/civic-x.png"
    />
  </OutboundLink>
</div>
`;
