// Jest Snapshot v1, https://goo.gl/fbAQLP

exports[`FrontSchoolCard should render with required props 1`] = `
<React.Fragment>
  <h5>
    school name
  </h5>
  <img
    alt=""
    src="logoSource"
  />
  <div
    className="interactionsContainer"
  >
    <Button
      analyticsObject={
        Object {
          "action": "Button Selected",
          "category": "Interactions",
        }
      }
      datum=""
      disabled={false}
      fullWidth={false}
      onClick={[Function]}
      tabIndex={0}
      theme="primary"
      type="button"
    >
      <OutboundLink
        analyticsEventLabel="school name | Website"
        hasIcon={true}
        href="website"
      >
        Go To Website
      </OutboundLink>
    </Button>
    <Button
      analyticsObject={
        Object {
          "action": "Button Selected",
          "category": "Interactions",
          "label": "school name | Locations",
        }
      }
      datum=""
      disabled={false}
      fullWidth={false}
      onClick={[Function]}
      tabIndex={0}
      theme="primary"
      type="button"
    >
      See Locations
    </Button>
  </div>
  <hr
    className="divider"
  />
  <div
    className="detailsRow"
  >
    <div
      className="detailItem active"
    >
      <Badge
        className="codeSchoolCardIcon"
        icon={<Svg />}
        isImageFirst={true}
        label="G.I Bill"
      />
    </div>
    <div
      className="detailItem active"
    >
      <Badge
        className="codeSchoolCardIcon"
        icon={<Svg />}
        isImageFirst={true}
        label="Online"
      />
    </div>
    <div
      className="detailItem active"
    >
      <Badge
        className="codeSchoolCardIcon"
        icon={<Svg />}
        isImageFirst={true}
        label="In-Person"
      />
    </div>
  </div>
  <div
    className="detailsRow"
  >
    <div
      className="detailItem active"
    >
      <Badge
        className="codeSchoolCardIcon"
        icon={<Svg />}
        isImageFirst={true}
        label="Equipment"
      />
    </div>
    <div
      className="detailItem active"
    >
      <Badge
        className="codeSchoolCardIcon"
        icon={<Svg />}
        isImageFirst={true}
        label="Housing"
      />
    </div>
  </div>
</React.Fragment>
`;
