// Jest Snapshot v1, https://goo.gl/fbAQLP

exports[`ProgressIndicator should render with many props assigned 1`] = `null`;

exports[`ProgressIndicator should render with required props 1`] = `null`;
