// Jest Snapshot v1, https://goo.gl/fbAQLP

exports[`FormPassword should render with required props 1`] = `
<div
  className="formInput"
>
  <input
    id="test"
    onChange={[Function]}
    placeholder={null}
    type="password"
    value=""
  />
</div>
`;
