// Jest Snapshot v1, https://goo.gl/fbAQLP

exports[`RegistrationForm should render with required props 1`] = `
<form
  className="RegistrationForm"
  noValidate={true}
  onReset={[Function]}
  onSubmit={[Function]}
>
  <div
    className="row"
  >
    <div
      className="field"
    >
      <label
        className="Label"
        htmlFor="email"
      >
        Email*
      </label>
      <div
        className="inputFeedBackGrouping"
      >
        <input
          autoComplete="username email"
          className="input"
          disabled={false}
          id="email"
          name="email"
          onBlur={[Function]}
          onChange={[Function]}
          type="email"
          value=""
        />
      </div>
    </div>
    <div
      className="field"
    >
      <label
        className="Label"
        htmlFor="confirm-email"
      >
        Confirm Email*
      </label>
      <div
        className="inputFeedBackGrouping"
      >
        <input
          autoComplete="username email"
          className="input"
          disabled={false}
          id="confirm-email"
          name="confirm-email"
          onBlur={[Function]}
          onChange={[Function]}
          type="email"
          value=""
        />
      </div>
    </div>
  </div>
  <div
    className="row"
  >
    <div
      className="field"
    >
      <label
        className="Label"
        htmlFor="password"
      >
        Password*
      </label>
      <div
        className="inputFeedBackGrouping"
      >
        <input
          autoComplete="new-password"
          className="input"
          disabled={false}
          id="password"
          name="password"
          onBlur={[Function]}
          onChange={[Function]}
          type="password"
          value=""
        />
      </div>
    </div>
    <div
      className="field"
    >
      <label
        className="Label"
        htmlFor="confirm-password"
      >
        Confirm Password*
      </label>
      <div
        className="inputFeedBackGrouping"
      >
        <input
          autoComplete="new-password"
          className="input"
          disabled={false}
          id="confirm-password"
          name="confirm-password"
          onBlur={[Function]}
          onChange={[Function]}
          type="password"
          value=""
        />
      </div>
    </div>
  </div>
  <div
    className="row"
  >
    <div
      className="field"
    >
      <label
        className="Label"
        htmlFor="firstName"
      >
        First Name*
      </label>
      <div
        className="inputFeedBackGrouping"
      >
        <input
          autoComplete="given-name"
          className="input"
          disabled={false}
          id="firstName"
          name="firstName"
          onBlur={[Function]}
          onChange={[Function]}
          type="text"
          value=""
        />
      </div>
    </div>
    <div
      className="field"
    >
      <label
        className="Label"
        htmlFor="lastName"
      >
        Last Name*
      </label>
      <div
        className="inputFeedBackGrouping"
      >
        <input
          autoComplete="family-name"
          className="input"
          disabled={false}
          id="lastName"
          name="lastName"
          onBlur={[Function]}
          onChange={[Function]}
          type="text"
          value=""
        />
      </div>
    </div>
  </div>
  <div
    className="row"
  >
    <div
      className="field"
    >
      <label
        className="Label"
        htmlFor="zipcode"
      >
        Zipcode*
      </label>
      <div
        className="inputFeedBackGrouping"
      >
        <input
          autoComplete="postal-code"
          className="input"
          disabled={false}
          id="zipcode"
          name="zipcode"
          onBlur={[Function]}
          onChange={[Function]}
          type="text"
          value=""
        />
      </div>
    </div>
  </div>
  <div
    className="row"
  >
    <div
      className="Alert error"
      role="alert"
    >
      
    </div>
  </div>
  <div
    className="row"
  >
    <button
      className="Button secondary"
      disabled={false}
      onClick={[Function]}
      tabIndex={0}
      type="submit"
    >
      Submit
    </button>
  </div>
</form>
`;
