// Jest Snapshot v1, https://goo.gl/fbAQLP

exports[`Footer should render with no props passed 1`] = `
<footer
  className="Footer"
>
  <div
    className="footerWrapper row"
  >
    <div
      className="footerGrouping socialGrouping"
    >
      <div
        className="logoGrouping"
      >
        <img
          alt="Operation Code Logo"
          src="https://s3.amazonaws.com/operationcode-assets/branding/logos/small-blue-logo.png"
        />
      </div>
      <div
        className="capitalize marginBottom"
      >
        Connect With Us!
      </div>
      <SocialMedia />
    </div>
    <div
      className="footerGrouping linksGrouping capitalize"
    >
      <div
        className="linksRow"
      >
        <div
          className="linksColumn"
        >
          <Link
            href="/about"
          >
            <a>
              About Us
            </a>
          </Link>
          <Link
            href="/team"
          >
            <a>
              Team
            </a>
          </Link>
          <Link
            href="/contact"
          >
            <a>
              Contact Us
            </a>
          </Link>
          <Link
            href="/faq"
          >
            <a>
              FAQ
            </a>
          </Link>
        </div>
        <div
          className="linksColumn"
        >
          <Link
            href="/who_we_serve"
          >
            <a>
              Who We Serve
            </a>
          </Link>
          <Link
            href="/code_schools"
          >
            <a>
              Code Schools
            </a>
          </Link>
          <Link
            href="/job_board"
          >
            <a>
              Job Board
            </a>
          </Link>
          <Link
            href="/events"
          >
            <a>
              Events
            </a>
          </Link>
          <Link
            href="/blog"
          >
            <a>
              Blog
            </a>
          </Link>
        </div>
      </div>
      <div
        className="linksRow"
      >
        <div
          className="linksColumn"
        >
          <Link
            href="/get_involved"
          >
            <a>
              Get Involved
            </a>
          </Link>
          <Link
            href="/become_a_mentor"
          >
            <a>
              Become a Mentor
            </a>
          </Link>
          <Link
            href="/support"
          >
            <a>
              Support OC
            </a>
          </Link>
          <Link
            href="/donate"
          >
            <a>
              Donate
            </a>
          </Link>
          <Link
            href="/feedback"
          >
            <a>
              Feedback
            </a>
          </Link>
        </div>
        <div
          className="linksColumn"
        >
          <Link
            href="/resources"
          >
            <a>
              Resources
            </a>
          </Link>
          <Link
            href="/press"
          >
            <a>
              Press
            </a>
          </Link>
          <Link
            href="/branding"
          >
            <a>
              Branding
            </a>
          </Link>
          <Link
            href="/sitemap"
          >
            <a>
              Sitemap
            </a>
          </Link>
        </div>
      </div>
    </div>
    <div
      className="footerGrouping newsletterGrouping"
    >
      <div
        className="capitalize newsletterHeading"
      >
        Newsletter
      </div>
      <div
        className="newsletterItem"
      >
        Subscribe to our newsletter and never miss a beat!
      </div>
      <input
        className="newsletterItem"
        placeholder="Email address"
        type="text"
      />
      <Button
        analyticsObject={
          Object {
            "action": "Button Selected",
            "category": "Interactions",
          }
        }
        className="newsletterItem"
        datum=""
        disabled={false}
        fullWidth={false}
        onClick={[Function]}
        tabIndex={0}
        theme="primary"
        type="button"
      >
        Subscribe
      </Button>
    </div>
  </div>
  <div
    className="row legalGrouping"
  >
    <div
      className="copyright"
    >
      Copyright 
      2018
       Operation Codeâ„¢. Operation Code is a 501(c)(3) nonprofit, EIN 47-4247572.
    </div>
    <OutboundLink
      analyticsEventLabel="Footer Link"
      className=""
      hasIcon={true}
      href=""
    >
      Terms of Use
    </OutboundLink>
    <OutboundLink
      analyticsEventLabel="Footer Link"
      className=""
      hasIcon={true}
      href=""
    >
      Cookies
    </OutboundLink>
    <OutboundLink
      analyticsEventLabel="Footer Link"
      className=""
      hasIcon={true}
      href="https://www.iubenda.com/privacy-policy/8174861"
    >
      Privacy
    </OutboundLink>
  </div>
</footer>
`;
