// Jest Snapshot v1, https://goo.gl/fbAQLP

exports[`Alert should render with many props assigned 1`] = `
<aside
  className="Alert success visible"
  role="alert"
>
  <button
    className="alertCloseButton"
    onClick={[Function]}
    type="button"
  >
    <span
      className="ScreenReaderOnly"
    >
      Close Alert
    </span>
    <span>
      Ã—
    </span>
  </button>
  Success Test Alert!
</aside>
`;

exports[`Alert should render with required props 1`] = `
<aside
  className="Alert error visible"
  role="alert"
>
  Error Test Alert!
</aside>
`;
