// Jest Snapshot v1, https://goo.gl/fbAQLP

exports[`ImageCard it should render properly with required props 1`] = `
<div
  className="ImageCard"
>
  <img
    alt="Test title"
    className="cardImage"
    src="image.jpg"
  />
  <div
    className="cardText"
  >
    <h6>
      Test title
    </h6>
    <p />
    
  </div>
</div>
`;

exports[`ImageCard should render properly with some props assigned 1`] = `
<div
  className="ImageCard"
>
  <img
    alt="Title Tester"
    className="cardImage"
    src="image.jpg"
  />
  <div
    className="cardText"
  >
    <h6>
      Title Tester
    </h6>
    <p>
      This is the card
    </p>
    <Button
      analyticsObject={
        Object {
          "action": "Button Selected",
          "category": "Interactions",
        }
      }
      className=""
      disabled={false}
      fullWidth={false}
      onClick={[Function]}
      tabIndex={0}
      theme="primary"
      type="button"
    >
      <Link
        href="www.thisIsTheLink.com"
      >
        <a>
          Test me!
        </a>
      </Link>
    </Button>
  </div>
</div>
`;
